2026-10-03T14:52:23.710049Z  INFO ream:

 ███████████   ██████████   █████████   ██████   ██████
▒▒███▒▒▒▒▒███ ▒▒███▒▒▒▒▒█  ███▒▒▒▒▒███ ▒▒██████ ██████
 ▒███    ▒███  ▒███  █ ▒  ▒███    ▒███  ▒███▒█████▒███
 ▒██████████   ▒██████    ▒███████████  ▒███▒▒███ ▒███
 ▒███▒▒▒▒▒███  ▒███▒▒█    ▒███▒▒▒▒▒███  ▒███ ▒▒▒  ▒███
 ▒███    ▒███  ▒███ ▒   █ ▒███    ▒███  ▒███      ▒███
 █████   █████ ██████████ █████   █████ █████     █████
▒▒▒▒▒   ▒▒▒▒▒ ▒▒▒▒▒▒▒▒▒▒ ▒▒▒▒▒   ▒▒▒▒▒ ▒▒▒▒▒     ▒▒▒▒▒

 GIT_DESCRIBE     : 9cd3498
 Full Commit      : 9cd3498b97a5b2dbc54fd5b48c28143b773ca47d
 Build Platform   : linux-aarch64
 Compiler Version : rustc1.98.0
 Cargo Features   : devnet5

2026-10-03T14:52:23.719280Z  INFO ream: starting up lean node...
2026-10-03T14:52:23.731318Z  INFO ream: Initializing aggregation verifier bytecode...
2026-10-03T14:52:23.731571Z  INFO compile_main_program_self_referential: rec_aggregation::compilation: Warning: Too much grinding for WHIR folding
2026-10-03T14:52:26.192270Z  INFO ream: Aggregation verifier bytecode initialized
2026-10-03T14:52:26.197756Z  INFO ream: ream lean database has been initialized
2026-10-03T14:52:26.221983Z  INFO ream_rpc_common::server: starting HTTP server on 0.0.0.0:5052
2026-10-03T14:52:26.222144Z  INFO actix_server::builder: starting 10 workers
2026-10-03T14:52:26.222176Z  INFO actix_server::server: Tokio runtime found; starting in existing Tokio runtime
2026-10-03T14:52:26.222192Z  INFO actix_server::server: starting service: "actix-web-service-0.0.0.0:5052", workers: 10, listening on: 0.0.0.0:5052
2026-10-03T14:52:26.333351Z  INFO actix_web::middleware::logger: 172.17.0.3 "POST /lean/v0/test_driver/signer/sign_proposal HTTP/1.1" 200 5418 "-" "-" 0.007708

thread 'actix-server worker 1' (27) panicked at /home/runner/.cargo/git/checkouts/leansig-c27071f7d6f6a5dd/15cbdd4/src/signature/generalized_xmss.rs:798:9:
Signing: key not yet prepared for this epoch, try calling sk.advance_preparation.
note: run with `RUST_BACKTRACE=1` environment variable to display a backtrace
2026-10-03T14:52:26.339342Z  INFO actix_web::middleware::logger: 172.17.0.3 "POST /lean/v0/test_driver/signer/sign_proposal HTTP/1.1" 200 5419 "-" "-" 0.005213
